1772297638992 session start pid=14732 label=keys::init log=\\wsl.localhost\Arch\home\jpambrun\work\binkybox\binkybox.log
1772297638994 keyboard_hook bind ok
1772297638995 action worker started
1772297638996 mouse_hook bind ok
1772297641883 drag cancel
1772297641889 drag consume_lwin_keyup=false
1772297641894 keyboard lwin keyup consume=false
1772297643329 drag cancel
1772297643334 drag consume_lwin_keyup=false
1772297643338 keyboard lwin keyup consume=false
1772297644112 drag cancel
1772297644118 drag consume_lwin_keyup=false
1772297644123 keyboard lwin keyup consume=false
1772297645331 mouse down lwin_down=false x=170 y=1482 target=0x0
1772297645334 drag down active=false lwin_down=false x=170 y=1482 candidate=0x0
1772297645445 mouse up
1772297645448 drag up
1772297646853 mouse down lwin_down=true x=905 y=699 target=0x402be
1772297646859 drag down active=true lwin_down=true x=905 y=699 candidate=0x402be
1772297646981 drag trigger x=910 y=693 hwnd=0x402be
1772297646986 begin move hwnd=0x402be origin=(262, 280)
1772297883379 session start pid=2280 label=keys::init log=\\wsl.localhost\Arch\home\jpambrun\work\binkybox\binkybox.log
1772297883382 action worker started
1772297883383 keyboard_hook bind ok
1772297883388 mouse move worker started
1772297883390 mouse_hook bind ok
1772297883614 mouse down lwin_down=false x=154 y=1458 target=0x0
1772297883619 drag down active=false lwin_down=false x=154 y=1458 candidate=0x0
1772297883706 mouse up
1772297883712 drag up
1772297885412 mouse down lwin_down=true x=509 y=875 target=0x402be
1772297885418 drag down active=true lwin_down=true x=509 y=875 candidate=0x402be
1772297885484 drag trigger x=514 y=871 hwnd=0x402be
1772297885490 begin move hwnd=0x402be origin=(-3, 311)
1772299742662 session start pid=11956 label=keys::init log=\\wsl.localhost\Arch\home\jpambrun\work\binkybox\binkybox.log
1772299742662 action worker started
1772299742663 keyboard_hook bind ok
1772299742663 mouse move worker started
1772299742663 mouse_hook bind ok
1772299743344 mouse down lwin_down=false x=177 y=1456 target=0x0
1772299743344 drag down active=false lwin_down=false x=177 y=1456 candidate=0x0
1772299743429 mouse up
1772299743429 drag up
1772299744912 mouse down lwin_down=true x=1334 y=565 target=0x402be
1772299744912 drag down active=true lwin_down=true x=1334 y=565 candidate=0x402be
1772299745083 drag trigger x=1324 y=565 hwnd=0x402be
1772299745083 begin move hwnd=0x402be origin=(446, 47)
1772300020347 session start pid=20912 label=keys::init log=\\wsl.localhost\Arch\home\jpambrun\work\binkybox\binkybox.log
1772300020349 keyboard_hook bind ok
1772300020349 mouse move worker started
1772300020349 mouse_hook bind ok
1772300020351 action worker started
1772300020373 mouse down lwin_down=false x=133 y=1499 target=0x0
1772300020373 drag down active=false lwin_down=false x=133 y=1499 candidate=0x0
1772300020466 mouse up
1772300020466 drag up
1772300021921 mouse down lwin_down=true x=732 y=922 target=0x402be
1772300021921 drag down active=true lwin_down=true x=732 y=922 candidate=0x402be
1772300022043 drag trigger x=734 y=918 hwnd=0x402be
1772300022043 begin move hwnd=0x402be origin=(36, 202)
1772300362889 session start pid=1368 label=keys::init log=\\wsl.localhost\Arch\home\jpambrun\work\binkybox\binkybox.log
1772300362890 action worker started
1772300362891 keyboard_hook bind ok
1772300362891 mouse move worker started
1772300362891 mouse_hook bind ok
1772300363568 mouse down lwin_down=false x=109 y=1472 target=0x0
1772300363568 drag down active=false lwin_down=false x=109 y=1472 candidate=0x0
1772300363669 mouse up
1772300363669 drag up
1772300365067 mouse down lwin_down=false x=589 y=617 target=0x0
1772300365067 drag down active=false lwin_down=false x=589 y=617 candidate=0x0
1772300365609 mouse up
1772300365609 drag up
1772300366180 mouse down lwin_down=false x=1270 y=601 target=0x0
1772300366180 drag down active=false lwin_down=false x=1270 y=601 candidate=0x0
1772300366408 mouse up
1772300366408 drag up
1772300366929 mouse down lwin_down=true x=883 y=592 target=0x402be
1772300366929 drag down active=true lwin_down=true x=883 y=592 candidate=0x402be
1772300366959 drag trigger x=891 y=587 hwnd=0x402be
1772300366959 begin move hwnd=0x402be origin=(228, 58)
1772300598386 session start pid=10924 label=keys::init log=\\wsl.localhost\Arch\home\jpambrun\work\binkybox\binkybox.log
1772300598387 action worker started
1772300598388 keyboard_hook bind ok
1772300598388 mouse move worker started
1772300598388 mouse_hook bind ok
1772300599833 mouse down lwin_down=false x=206 y=1477 target=0x0
1772300599833 drag down active=false lwin_down=false x=206 y=1477 candidate=0x0
1772300599982 mouse up
1772300599982 drag up
1772300600588 mouse down lwin_down=false x=278 y=1468 target=0x0
1772300600588 drag down active=false lwin_down=false x=278 y=1468 candidate=0x0
1772300600696 mouse up
1772300600696 drag up
1772300601330 mouse down lwin_down=false x=102 y=1454 target=0x0
1772300601330 drag down active=false lwin_down=false x=102 y=1454 candidate=0x0
1772300601437 mouse up
1772300601437 drag up
1772300602649 mouse down lwin_down=false x=1384 y=590 target=0x0
1772300602649 drag down active=false lwin_down=false x=1384 y=590 candidate=0x0
1772300603227 mouse up
1772300603227 drag up
1772300603704 mouse down lwin_down=false x=1579 y=511 target=0x0
1772300603704 drag down active=false lwin_down=false x=1579 y=511 candidate=0x0
1772300603826 mouse up
1772300603826 drag up
1772300604625 mouse down lwin_down=true x=1553 y=526 target=0x402be
1772300604625 drag down active=true lwin_down=true x=1553 y=526 candidate=0x402be
1772300604769 drag trigger x=1543 y=531 hwnd=0x402be
1772300604769 begin move hwnd=0x402be origin=(483, 16)
1772300707706 session start pid=22024 label=keys::init log=\\wsl.localhost\Arch\home\jpambrun\work\binkybox\binkybox.log
1772300707707 keyboard_hook bind ok
1772300707707 mouse move worker started
1772300707707 mouse_hook bind ok
1772300707708 action worker started
1772300708190 mouse down lwin_down=false x=182 y=1448 target=0x0
1772300708190 drag down active=false lwin_down=false x=182 y=1448 candidate=0x0
1772300708282 mouse up
1772300708282 drag up
1772300710487 mouse down lwin_down=true x=1009 y=773 target=0x402be
1772300710487 drag down active=true lwin_down=true x=1009 y=773 candidate=0x402be
1772300710622 drag trigger x=1016 y=769 hwnd=0x402be
1772300710622 begin move hwnd=0x402be origin=(310, 64)
1772300710806 mouse up
1772300710806 drag up
1772300710885 drag cancel
1772300710885 drag consume_lwin_keyup=true
1772300710885 keyboard lwin keyup consume=true
1772300713533 mouse down lwin_down=true x=1426 y=582 target=0x402be
1772300713533 drag down active=true lwin_down=true x=1426 y=582 candidate=0x402be
1772300713633 drag trigger x=1421 y=583 hwnd=0x402be
1772300713633 begin move hwnd=0x402be origin=(334, 49)
1772300713867 mouse up
1772300713867 drag up
1772300713897 drag cancel
1772300713897 drag consume_lwin_keyup=true
1772300713897 keyboard lwin keyup consume=true
1772300715644 mouse down lwin_down=false x=1270 y=796 target=0x0
1772300715644 drag down active=false lwin_down=false x=1270 y=796 candidate=0x0
1772300715786 mouse up
1772300715787 drag up
1772300717563 mouse down lwin_down=true x=656 y=541 target=0x402be
1772300717563 drag down active=true lwin_down=true x=656 y=541 candidate=0x402be
1772300717606 drag trigger x=666 y=541 hwnd=0x402be
1772300717606 begin move hwnd=0x402be origin=(233, 96)
1772302352707 session start pid=19772 label=keys::init log=\\wsl.localhost\Arch\home\jpambrun\work\binkybox\binkybox.log
1772302352708 action worker started
1772302352709 keyboard_hook bind ok
1772302352709 mouse move worker started
1772302352709 mouse_hook bind ok
1772302354749 mouse down lwin_down=true x=772 y=903 target=0x402be
1772302354749 drag down active=true lwin_down=true x=772 y=903 candidate=0x402be
1772302354955 drag trigger x=775 y=900 hwnd=0x402be
1772302354955 begin move hwnd=0x402be origin=(117, 151)
1772302777247 session start pid=12880 label=keys::init log=\\wsl.localhost\Arch\home\jpambrun\work\binkybox\binkybox.log
1772302777249 keyboard_hook bind ok
1772302777249 mouse move worker started
1772302777250 mouse_hook bind ok
1772302777251 action worker started
1772302778286 mouse down lwin_down=false x=176 y=1476 target=0x0
1772302778286 drag down active=false lwin_down=false x=176 y=1476 candidate=0x0
1772302778352 mouse up
1772302778352 drag up
1772302779741 mouse down lwin_down=true x=1370 y=601 target=0x402be
1772302779741 drag down active=true lwin_down=true x=1370 y=601 candidate=0x402be
1772302779804 drag trigger x=1364 y=605 hwnd=0x402be
1772302779812 begin move hwnd=0x402be origin=(282, -15)
1772302871819 session start pid=22096 label=keys::init log=\\wsl.localhost\Arch\home\jpambrun\work\binkybox\binkybox.log
1772302871820 keyboard_hook bind ok
1772302871820 action worker started
1772302871820 mouse move worker started
1772302871820 mouse_hook bind ok
1772302873801 mouse down lwin_down=false x=189 y=1476 target=0x0
1772302873801 drag down active=false lwin_down=false x=189 y=1476 candidate=0x0
1772302873907 mouse up
1772302873907 drag up
1772302875220 mouse down lwin_down=true x=928 y=834 target=0x402be
1772302875220 drag down active=true lwin_down=true x=928 y=834 candidate=0x402be
1772302875341 drag trigger x=933 y=831 hwnd=0x402be
1772302875351 begin move hwnd=0x402be origin=(159, 182)
1772302980067 session start pid=10896 label=keys::init log=\\wsl.localhost\Arch\home\jpambrun\work\binkybox\binkybox.log
1772302980067 action worker started
1772302980068 keyboard_hook bind ok
1772302980068 mouse move worker started
1772302980068 mouse_hook bind ok
1772302981365 mouse down lwin_down=false x=129 y=1462 target=0x0
1772302981365 drag down active=false lwin_down=false x=129 y=1462 candidate=0x0
1772302981445 mouse up
1772302981445 drag up
1772302982742 mouse down lwin_down=true x=700 y=844 target=0x402be
1772302982742 drag down active=true lwin_down=true x=700 y=844 candidate=0x402be
1772302982828 drag trigger x=705 y=841 hwnd=0x402be
1772302982843 begin move hwnd=0x402be origin=(38, 229)
1772303110080 session start pid=20604 label=keys::init log=\\wsl.localhost\Arch\home\jpambrun\work\binkybox\binkybox.log
1772303110081 keyboard_hook bind ok
1772303110081 mouse move worker started
1772303110081 mouse_hook bind ok
1772303110082 action worker started
1772303115487 mouse down lwin_down=false x=109 y=1461 target=0x0
1772303115487 drag down active=false lwin_down=false x=109 y=1461 candidate=0x0
1772303115565 mouse up
1772303115565 drag up
1772303116864 mouse down lwin_down=true x=646 y=820 target=0x402be
1772303116864 drag down active=true lwin_down=true x=646 y=820 candidate=0x402be
1772303120206 mouse up
1772303120206 drag up
1772303120806 mouse down lwin_down=true x=1151 y=544 target=0x402be
1772303120806 drag down active=true lwin_down=true x=1151 y=544 candidate=0x402be
1772303121774 mouse up
1772303121774 drag up
1772303121905 drag cancel
1772303121905 drag consume_lwin_keyup=false
1772303121905 keyboard lwin keyup consume=false
1772303122780 mouse down lwin_down=false x=1127 y=732 target=0x0
1772303122780 drag down active=false lwin_down=false x=1127 y=732 candidate=0x0
1772303122894 mouse up
1772303122894 drag up
1772303123779 mouse down lwin_down=true x=615 y=920 target=0x402be
1772303123779 drag down active=true lwin_down=true x=615 y=920 candidate=0x402be
1772303124797 mouse up
1772303124797 drag up
1772303124926 drag cancel
1772303124926 drag consume_lwin_keyup=false
1772303124926 keyboard lwin keyup consume=false
1772303125554 mouse down lwin_down=false x=1113 y=744 target=0x0
1772303125555 drag down active=false lwin_down=false x=1113 y=744 candidate=0x0
1772303125682 mouse up
1772303125682 drag up
1772303126124 mouse down lwin_down=true x=594 y=914 target=0x402be
1772303126124 drag down active=true lwin_down=true x=594 y=914 candidate=0x402be
1772303126830 mouse up
1772303126830 drag up
1772303127173 mouse down lwin_down=true x=1104 y=642 target=0x402be
1772303127173 drag down active=true lwin_down=true x=1104 y=642 candidate=0x402be
1772303127322 mouse up
1772303127322 drag up
1772303127686 mouse down lwin_down=true x=1170 y=566 target=0x402be
1772303127686 drag down active=true lwin_down=true x=1170 y=566 candidate=0x402be
1772303128220 mouse up
1772303128220 drag up
1772303128339 drag cancel
1772303128339 drag consume_lwin_keyup=false
1772303128339 keyboard lwin keyup consume=false
1772303128998 mouse down lwin_down=true x=1135 y=708 target=0x402be
1772303128998 drag down active=true lwin_down=true x=1135 y=708 candidate=0x402be
1772303130359 mouse up
1772303130359 drag up
1772303130479 drag cancel
1772303130479 drag consume_lwin_keyup=false
1772303130479 keyboard lwin keyup consume=false
1772303131351 mouse down lwin_down=true x=1032 y=779 target=0x402be
1772303131351 drag down active=true lwin_down=true x=1032 y=779 candidate=0x402be
1772303132370 mouse up
1772303132370 drag up
1772303132486 drag cancel
1772303132486 drag consume_lwin_keyup=false
1772303132486 keyboard lwin keyup consume=false
1772303133612 mouse down lwin_down=true x=950 y=887 target=0x0
1772303133612 drag down active=false lwin_down=true x=950 y=887 candidate=0x0
1772303134018 mouse up
1772303134018 drag up
1772303134086 drag cancel
1772303134086 drag consume_lwin_keyup=false
1772303134086 keyboard lwin keyup consume=false
1772303135110 mouse down lwin_down=true x=958 y=756 target=0x402be
1772303135110 drag down active=true lwin_down=true x=958 y=756 candidate=0x402be
1772303135694 mouse up
1772303135694 drag up
1772303135761 drag cancel
1772303135761 drag consume_lwin_keyup=false
1772303135761 keyboard lwin keyup consume=false
1772303136470 drag cancel
1772303136470 drag consume_lwin_keyup=false
1772303136470 keyboard lwin keyup consume=false
1772303139475 drag cancel
1772303139475 drag consume_lwin_keyup=false
1772303139475 keyboard lwin keyup consume=false
1772303140246 mouse down lwin_down=false x=1024 y=1319 target=0x0
1772303140246 drag down active=false lwin_down=false x=1024 y=1319 candidate=0x0
1772303140338 mouse up
1772303140338 drag up
1772303142365 mouse down lwin_down=false x=547 y=731 target=0x0
1772303142365 drag down active=false lwin_down=false x=547 y=731 candidate=0x0
1772303142478 mouse up
1772303142478 drag up
1772303142850 mouse down lwin_down=false x=442 y=752 target=0x0
1772303142850 drag down active=false lwin_down=false x=442 y=752 candidate=0x0
1772303142942 mouse up
1772303142942 drag up
1772303165144 mouse down lwin_down=false x=728 y=757 target=0x0
1772303165144 drag down active=false lwin_down=false x=728 y=757 candidate=0x0
1772303165222 mouse up
1772303165222 drag up
1772303248976 mouse down lwin_down=false x=1205 y=265 target=0x0
1772303248976 drag down active=false lwin_down=false x=1205 y=265 candidate=0x0
1772303249083 mouse up
1772303249083 drag up
1772303303655 mouse down lwin_down=false x=950 y=1322 target=0x0
1772303303655 drag down active=false lwin_down=false x=950 y=1322 candidate=0x0
1772303303726 mouse up
1772303303726 drag up
1772303306168 mouse down lwin_down=false x=1101 y=1271 target=0x0
1772303306168 drag down active=false lwin_down=false x=1101 y=1271 candidate=0x0
1772303306295 mouse up
1772303306295 drag up
1772303309156 mouse down lwin_down=false x=1021 y=1183 target=0x0
1772303309156 drag down active=false lwin_down=false x=1021 y=1183 candidate=0x0
1772303309242 mouse up
1772303309242 drag up
1772303310426 mouse down lwin_down=false x=1101 y=1276 target=0x0
1772303310426 drag down active=false lwin_down=false x=1101 y=1276 candidate=0x0
1772303310505 mouse up
1772303310505 drag up
1772303312746 mouse down lwin_down=false x=1766 y=1421 target=0x0
1772303312746 drag down active=false lwin_down=false x=1766 y=1421 candidate=0x0
1772303312859 mouse up
1772303312859 drag up
1772303316492 session start pid=16208 label=keys::init log=\\wsl.localhost\Arch\home\jpambrun\work\binkybox\binkybox.log
1772303316494 keyboard_hook bind ok
1772303316494 mouse move worker started
1772303316494 mouse_hook bind ok
1772303316496 action worker started
1772303316685 mouse down lwin_down=false x=154 y=1484 target=0x0
1772303316685 drag down active=false lwin_down=false x=154 y=1484 candidate=0x0
1772303316756 mouse up
1772303316756 drag up
1772303317577 mouse down lwin_down=true x=756 y=958 target=0x402be
1772303317577 drag down active=true lwin_down=true x=756 y=958 candidate=0x402be
1772303317676 drag trigger x=761 y=952 hwnd=0x402be
1772303317683 begin move hwnd=0x402be origin=(38, 229)
1772303318247 mouse up
1772303318247 drag up
1772303318328 drag cancel
1772303318328 drag consume_lwin_keyup=true
1772303318328 keyboard lwin keyup consume=true
1772303318789 mouse down lwin_down=true x=646 y=924 target=0x402be
1772303318789 drag down active=true lwin_down=true x=646 y=924 candidate=0x402be
1772303318839 drag trigger x=654 y=913 hwnd=0x402be
1772303318852 begin move hwnd=0x402be origin=(38, 229)
1772303319587 mouse up
1772303319587 drag up
1772303319636 drag cancel
1772303319636 drag consume_lwin_keyup=true
1772303319636 keyboard lwin keyup consume=true
1772303320037 mouse down lwin_down=true x=631 y=934 target=0x402be
1772303320037 drag down active=true lwin_down=true x=631 y=934 candidate=0x402be
1772303320137 drag trigger x=637 y=919 hwnd=0x402be
1772303320142 begin move hwnd=0x402be origin=(38, 229)
1772303321042 mouse up
1772303321042 drag up
1772303321212 drag cancel
1772303321212 drag consume_lwin_keyup=true
1772303321212 keyboard lwin keyup consume=true
1772303321535 mouse down lwin_down=true x=1023 y=637 target=0x402be
1772303321535 drag down active=true lwin_down=true x=1023 y=637 candidate=0x402be
1772303321578 drag trigger x=1006 y=649 hwnd=0x402be
1772303321592 begin move hwnd=0x402be origin=(38, 229)
1772303322325 mouse up
1772303322325 drag up
1772303322381 drag cancel
1772303322381 drag consume_lwin_keyup=true
1772303322381 keyboard lwin keyup consume=true
1772303322803 mouse down lwin_down=true x=886 y=665 target=0x402be
1772303322803 drag down active=true lwin_down=true x=886 y=665 candidate=0x402be
1772303322861 drag trigger x=872 y=691 hwnd=0x402be
1772303322877 begin move hwnd=0x402be origin=(38, 229)
1772303323153 mouse up
1772303323153 drag up
1772303323278 drag cancel
1772303323278 drag consume_lwin_keyup=true
1772303323278 keyboard lwin keyup consume=true
1772303323732 mouse down lwin_down=false x=707 y=1023 target=0x0
1772303323732 drag down active=false lwin_down=false x=707 y=1023 candidate=0x0
1772303325065 mouse up
1772303325065 drag up
1772303325164 drag cancel
1772303325164 drag consume_lwin_keyup=false
1772303325164 keyboard lwin keyup consume=false
1772303325843 drag cancel
1772303325843 drag consume_lwin_keyup=false
1772303325843 keyboard lwin keyup consume=false
1772303326371 mouse down lwin_down=false x=2066 y=515 target=0x0
1772303326371 drag down active=false lwin_down=false x=2066 y=515 candidate=0x0
1772303326470 mouse up
1772303326470 drag up
1772303332819 mouse down lwin_down=false x=708 y=754 target=0x0
1772303332819 drag down active=false lwin_down=false x=708 y=754 candidate=0x0
1772303332896 mouse up
1772303332896 drag up
1772303341260 mouse down lwin_down=false x=499 y=765 target=0x0
1772303341260 drag down active=false lwin_down=false x=499 y=765 candidate=0x0
1772303341431 mouse up
1772303341431 drag up
1772303342058 mouse down lwin_down=false x=490 y=760 target=0x0
1772303342058 drag down active=false lwin_down=false x=490 y=760 candidate=0x0
1772303342229 mouse up
1772303342229 drag up
1772303366032 mouse down lwin_down=false x=227 y=697 target=0x0
1772303366032 drag down active=false lwin_down=false x=227 y=697 candidate=0x0
1772303366167 mouse up
1772303366167 drag up
1772303369591 mouse down lwin_down=false x=1076 y=1162 target=0x0
1772303369592 drag down active=false lwin_down=false x=1076 y=1162 candidate=0x0
1772303369699 mouse up
1772303369699 drag up
1772303373538 mouse down lwin_down=false x=1755 y=1441 target=0x0
1772303373538 drag down active=false lwin_down=false x=1755 y=1441 candidate=0x0
1772303373645 mouse up
1772303373645 drag up
1772303377312 session start pid=10704 label=keys::init log=\\wsl.localhost\Arch\home\jpambrun\work\binkybox\binkybox.log
1772303377315 keyboard_hook bind ok
1772303377315 mouse move worker started
1772303377315 mouse_hook bind ok
1772303377316 action worker started
1772303377542 mouse down lwin_down=false x=173 y=1473 target=0x0
1772303377542 drag down active=false lwin_down=false x=173 y=1473 candidate=0x0
1772303377649 mouse up
1772303377649 drag up
1772303378406 mouse down lwin_down=true x=687 y=1119 target=0x402be
1772303378406 drag down active=true lwin_down=true x=687 y=1119 candidate=0x402be
1772303378541 drag trigger x=692 y=1114 hwnd=0x402be
1772303378550 begin move hwnd=0x402be origin=(38, 229)
1772303379189 mouse up
1772303379189 drag up
1772303379290 drag cancel
1772303379290 drag consume_lwin_keyup=true
1772303379290 keyboard lwin keyup consume=true
1772303379797 mouse down lwin_down=true x=747 y=818 target=0x402be
1772303379797 drag down active=true lwin_down=true x=747 y=818 candidate=0x402be
1772303379875 drag trigger x=754 y=813 hwnd=0x402be
1772303379886 begin move hwnd=0x402be origin=(38, 229)
1772303380588 mouse up
1772303380588 drag up
1772303380710 drag cancel
1772303380710 drag consume_lwin_keyup=true
1772303380710 keyboard lwin keyup consume=true
1772303381123 mouse down lwin_down=false x=1042 y=832 target=0x0
1772303381123 drag down active=false lwin_down=false x=1042 y=832 candidate=0x0
1772303381237 mouse up
1772303381237 drag up
1772303382399 drag cancel
1772303382399 drag consume_lwin_keyup=false
1772303382399 keyboard lwin keyup consume=false
1772303382831 drag cancel
1772303382831 drag consume_lwin_keyup=false
1772303382831 keyboard lwin keyup consume=false
1772303383349 mouse down lwin_down=true x=763 y=957 target=0x402be
1772303383349 drag down active=true lwin_down=true x=763 y=957 candidate=0x402be
1772303383443 drag trigger x=768 y=948 hwnd=0x402be
1772303383446 begin move hwnd=0x402be origin=(38, 229)
1772303383927 mouse up
1772303383927 drag up
1772303384038 drag cancel
1772303384038 drag consume_lwin_keyup=true
1772303384038 keyboard lwin keyup consume=true
1772303384577 mouse down lwin_down=true x=920 y=921 target=0x402be
1772303384577 drag down active=true lwin_down=true x=920 y=921 candidate=0x402be
1772303384677 drag trigger x=928 y=909 hwnd=0x402be
1772303384686 begin move hwnd=0x402be origin=(38, 229)
1772303385161 mouse up
1772303385161 drag up
1772303385268 drag cancel
1772303385268 drag consume_lwin_keyup=true
1772303385268 keyboard lwin keyup consume=true
1772303385868 mouse down lwin_down=false x=1142 y=722 target=0x0
1772303385868 drag down active=false lwin_down=false x=1142 y=722 candidate=0x0
1772303385989 mouse up
1772303385989 drag up
1772303386424 mouse down lwin_down=true x=808 y=991 target=0x402be
1772303386424 drag down active=true lwin_down=true x=808 y=991 candidate=0x402be
1772303386504 drag trigger x=816 y=979 hwnd=0x402be
1772303386519 begin move hwnd=0x402be origin=(38, 229)
1772303387072 mouse up
1772303387073 drag up
1772303387158 drag cancel
1772303387158 drag consume_lwin_keyup=true
1772303387158 keyboard lwin keyup consume=true
1772303387648 drag cancel
1772303387648 drag consume_lwin_keyup=false
1772303387648 keyboard lwin keyup consume=false
1772303388072 drag cancel
1772303388072 drag consume_lwin_keyup=false
1772303388072 keyboard lwin keyup consume=false
1772303388523 mouse down lwin_down=true x=827 y=964 target=0x402be
1772303388523 drag down active=true lwin_down=true x=827 y=964 candidate=0x402be
1772303388615 drag trigger x=835 y=955 hwnd=0x402be
1772303388628 begin move hwnd=0x402be origin=(38, 229)
1772303389135 mouse up
1772303389135 drag up
1772303389269 drag cancel
1772303389270 drag consume_lwin_keyup=true
1772303389270 keyboard lwin keyup consume=true
1772303389855 drag cancel
1772303389855 drag consume_lwin_keyup=false
1772303389855 keyboard lwin keyup consume=false
1772303390427 drag cancel
1772303390427 drag consume_lwin_keyup=false
1772303390427 keyboard lwin keyup consume=false
1772303390955 mouse down lwin_down=true x=945 y=952 target=0x402be
1772303390955 drag down active=true lwin_down=true x=945 y=952 candidate=0x402be
1772303390991 drag trigger x=954 y=936 hwnd=0x402be
1772303391000 begin move hwnd=0x402be origin=(38, 229)
1772303392901 mouse up
1772303392901 drag up
1772303392978 drag cancel
1772303392978 drag consume_lwin_keyup=true
1772303392978 keyboard lwin keyup consume=true
1772303393937 drag cancel
1772303393937 drag consume_lwin_keyup=false
1772303393937 keyboard lwin keyup consume=false
1772303394426 drag cancel
1772303394427 drag consume_lwin_keyup=false
1772303394427 keyboard lwin keyup consume=false
1772303394857 mouse down lwin_down=true x=1200 y=968 target=0x402be
1772303394857 drag down active=true lwin_down=true x=1200 y=968 candidate=0x402be
1772303394886 drag trigger x=1209 y=952 hwnd=0x402be
1772303394895 begin move hwnd=0x402be origin=(38, 229)
1772303395434 mouse up
1772303395434 drag up
1772303395515 drag cancel
1772303395515 drag consume_lwin_keyup=true
1772303395515 keyboard lwin keyup consume=true
1772303396647 mouse down lwin_down=false x=1986 y=659 target=0x0
1772303396647 drag down active=false lwin_down=false x=1986 y=659 candidate=0x0
1772303396732 mouse up
1772303396732 drag up
1772303398203 mouse down lwin_down=false x=483 y=795 target=0x0
1772303398203 drag down active=false lwin_down=false x=483 y=795 candidate=0x0
1772303398753 mouse up
1772303398753 drag up
1772303399145 mouse down lwin_down=false x=401 y=775 target=0x0
1772303399145 drag down active=false lwin_down=false x=401 y=775 candidate=0x0
1772303400227 mouse up
1772303400227 drag up
1772303404554 mouse down lwin_down=false x=396 y=797 target=0x0
1772303404554 drag down active=false lwin_down=false x=396 y=797 candidate=0x0
1772303404647 mouse up
1772303404647 drag up
1772303405075 mouse down lwin_down=false x=398 y=785 target=0x0
1772303405075 drag down active=false lwin_down=false x=398 y=785 candidate=0x0
1772303406002 mouse up
1772303406002 drag up
1772303408657 mouse down lwin_down=false x=444 y=739 target=0x0
1772303408657 drag down active=false lwin_down=false x=444 y=739 candidate=0x0
1772303408815 mouse up
1772303408815 drag up
1772303408922 mouse down lwin_down=false x=444 y=739 target=0x0
1772303408922 drag down active=false lwin_down=false x=444 y=739 candidate=0x0
1772303409293 mouse up
1772303409293 drag up
1772303410456 mouse down lwin_down=false x=527 y=773 target=0x0
1772303410456 drag down active=false lwin_down=false x=527 y=773 candidate=0x0
1772303410548 mouse up
1772303410548 drag up
1772303411212 mouse down lwin_down=false x=1349 y=511 target=0x0
1772303411212 drag down active=false lwin_down=false x=1349 y=511 candidate=0x0
1772303411326 mouse up
1772303411326 drag up
1772303413041 mouse down lwin_down=false x=1305 y=329 target=0x0
1772303413041 drag down active=false lwin_down=false x=1305 y=329 candidate=0x0
1772303413610 mouse up
1772303413610 drag up
1772303414408 drag cancel
1772303414408 drag consume_lwin_keyup=false
1772303414408 keyboard lwin keyup consume=false
1772303414934 drag cancel
1772303414934 drag consume_lwin_keyup=false
1772303414934 keyboard lwin keyup consume=false
1772303419751 mouse down lwin_down=false x=256 y=731 target=0x0
1772303419751 drag down active=false lwin_down=false x=256 y=731 candidate=0x0
1772303419865 mouse up
1772303419865 drag up
1772303420278 mouse down lwin_down=false x=250 y=781 target=0x0
1772303420278 drag down active=false lwin_down=false x=250 y=781 candidate=0x0
1772303420378 mouse up
1772303420378 drag up
1772303425013 mouse down lwin_down=false x=294 y=744 target=0x0
1772303425013 drag down active=false lwin_down=false x=294 y=744 candidate=0x0
1772303425113 mouse up
1772303425113 drag up
1772303425527 mouse down lwin_down=false x=294 y=744 target=0x0
1772303425527 drag down active=false lwin_down=false x=294 y=744 candidate=0x0
1772303425690 mouse up
1772303425690 drag up
1772303426069 mouse down lwin_down=false x=288 y=737 target=0x0
1772303426069 drag down active=false lwin_down=false x=288 y=737 candidate=0x0
1772303426211 mouse up
1772303426211 drag up
1772303426682 mouse down lwin_down=false x=279 y=729 target=0x0
1772303426682 drag down active=false lwin_down=false x=279 y=729 candidate=0x0
1772303426839 mouse up
1772303426839 drag up
1772303439823 mouse down lwin_down=false x=1665 y=1462 target=0x0
1772303439823 drag down active=false lwin_down=false x=1665 y=1462 candidate=0x0
1772303439915 mouse up
1772303439916 drag up
1772303441779 mouse down lwin_down=false x=221 y=1452 target=0x0
1772303441779 drag down active=false lwin_down=false x=221 y=1452 candidate=0x0
1772303441942 mouse up
1772303441942 drag up
1772303442571 mouse down lwin_down=false x=154 y=1468 target=0x0
1772303442571 drag down active=false lwin_down=false x=154 y=1468 candidate=0x0
1772303442669 mouse up
1772303442670 drag up
1772303443764 mouse down lwin_down=true x=752 y=966 target=0x402be
1772303443764 drag down active=true lwin_down=true x=752 y=966 candidate=0x402be
1772303443856 drag trigger x=756 y=954 hwnd=0x402be
1772303443866 begin move hwnd=0x402be origin=(38, 229)
1772303444768 mouse up
1772303444769 drag up
1772303444871 drag cancel
1772303444871 drag consume_lwin_keyup=true
1772303444871 keyboard lwin keyup consume=true
1772303447583 drag cancel
1772303447583 drag consume_lwin_keyup=false
1772303447583 keyboard lwin keyup consume=false
1772303447773 drag cancel
1772303447773 drag consume_lwin_keyup=false
1772303447773 keyboard lwin keyup consume=false
1772303448123 mouse down lwin_down=false x=2235 y=18 target=0x0
1772303448124 drag down active=false lwin_down=false x=2235 y=18 candidate=0x0
1772303448237 mouse up
1772303448237 drag up
1772303450393 mouse down lwin_down=false x=2049 y=1122 target=0x0
1772303450393 drag down active=false lwin_down=false x=2049 y=1122 candidate=0x0
1772303450491 mouse up
1772303450491 drag up
1772303451692 mouse down lwin_down=false x=646 y=739 target=0x0
1772303451692 drag down active=false lwin_down=false x=646 y=739 candidate=0x0
1772303451841 mouse up
1772303451841 drag up
1772303457592 mouse down lwin_down=false x=1519 y=381 target=0x0
1772303457592 drag down active=false lwin_down=false x=1519 y=381 candidate=0x0
1772303457720 mouse up
1772303457720 drag up
1772303460177 mouse down lwin_down=false x=407 y=734 target=0x0
1772303460177 drag down active=false lwin_down=false x=407 y=734 candidate=0x0
1772303460318 mouse up
1772303460318 drag up
1772303573099 mouse down lwin_down=false x=1306 y=1275 target=0x0
1772303573099 drag down active=false lwin_down=false x=1306 y=1275 candidate=0x0
1772303573212 mouse up
1772303573212 drag up
1772303575342 keyboard q keydown with win
1772303580518 session start pid=4204 label=keys::init log=\\wsl.localhost\Arch\home\jpambrun\work\binkybox\binkybox.log
1772303580518 action worker started
1772303580519 keyboard_hook bind ok
1772303580519 mouse move worker started
1772303580519 mouse_hook bind ok
1772303581386 keyboard lwin keydown intercepted
1772303581529 mouse down lwin_down=true x=776 y=902 target=0x402be
1772303581529 drag down active=true lwin_down=true x=776 y=902 candidate=0x402be
1772303581687 drag trigger x=779 y=898 hwnd=0x402be
1772303581689 begin move hwnd=0x402be origin=(38, 229)
1772303582078 mouse up
1772303582078 drag up
1772303582142 drag cancel
1772303582142 drag consume_lwin_keyup=true
1772303582142 keyboard lwin keyup intercepted=true dragged=true combo_used=false
1772303582449 mouse down lwin_down=false x=867 y=968 target=0x0
1772303582449 drag down active=false lwin_down=false x=867 y=968 candidate=0x0
1772303582577 mouse up
1772303582577 drag up
1772303583513 keyboard lwin keydown intercepted
1772303583640 mouse down lwin_down=true x=686 y=960 target=0x402be
1772303583640 drag down active=true lwin_down=true x=686 y=960 candidate=0x402be
1772303583762 drag trigger x=693 y=957 hwnd=0x402be
1772303583766 begin move hwnd=0x402be origin=(38, 229)
1772303584402 mouse up
1772303584403 drag up
1772303584478 drag cancel
1772303584478 drag consume_lwin_keyup=true
1772303584478 keyboard lwin keyup intercepted=true dragged=true combo_used=false
1772303587724 keyboard lwin keydown intercepted
1772303588016 mouse down lwin_down=true x=706 y=892 target=0x402be
1772303588016 drag down active=true lwin_down=true x=706 y=892 candidate=0x402be
1772303588166 drag trigger x=712 y=883 hwnd=0x402be
1772303588178 begin move hwnd=0x402be origin=(38, 229)
1772303588743 mouse up
1772303588743 drag up
1772303588936 drag cancel
1772303588936 drag consume_lwin_keyup=true
1772303588936 keyboard lwin keyup intercepted=true dragged=true combo_used=false
1772303593784 keyboard lwin keydown intercepted
1772303593871 drag cancel
1772303593871 drag consume_lwin_keyup=false
1772303593871 keyboard lwin keyup intercepted=true dragged=false combo_used=false
1772303593873 keyboard lwin replay tap
1772303594263 keyboard lwin keydown intercepted
1772303594342 drag cancel
1772303594342 drag consume_lwin_keyup=false
1772303594342 keyboard lwin keyup intercepted=true dragged=false combo_used=false
1772303594344 keyboard lwin replay tap
1772303594717 keyboard lwin keydown intercepted
1772303594905 mouse down lwin_down=true x=920 y=961 target=0x402be
1772303594905 drag down active=true lwin_down=true x=920 y=961 candidate=0x402be
1772303594976 drag trigger x=927 y=954 hwnd=0x402be
1772303594989 begin move hwnd=0x402be origin=(38, 229)
1772303595668 mouse up
1772303595668 drag up
1772303596105 drag cancel
1772303596105 drag consume_lwin_keyup=true
1772303596105 keyboard lwin keyup intercepted=true dragged=true combo_used=false
1772303597511 mouse down lwin_down=false x=945 y=1052 target=0x0
1772303597511 drag down active=false lwin_down=false x=945 y=1052 candidate=0x0
1772303597610 mouse up
1772303597610 drag up
1772303600865 mouse down lwin_down=false x=1066 y=1307 target=0x0
1772303600865 drag down active=false lwin_down=false x=1066 y=1307 candidate=0x0
1772303600956 mouse up
1772303600956 drag up
1772303602063 mouse down lwin_down=false x=324 y=766 target=0x0
1772303602063 drag down active=false lwin_down=false x=324 y=766 candidate=0x0
1772303602155 mouse up
1772303602155 drag up
1772303629241 mouse down lwin_down=false x=149 y=1473 target=0x0
1772303629241 drag down active=false lwin_down=false x=149 y=1473 candidate=0x0
1772303629341 mouse up
1772303629341 drag up
1772303631866 mouse down lwin_down=false x=922 y=1285 target=0x0
1772303631866 drag down active=false lwin_down=false x=922 y=1285 candidate=0x0
1772303631951 mouse up
1772303631951 drag up
1772303633207 mouse down lwin_down=false x=622 y=770 target=0x0
1772303633207 drag down active=false lwin_down=false x=622 y=770 candidate=0x0
1772303633314 mouse up
1772303633314 drag up
1772303657090 mouse down lwin_down=false x=38 y=251 target=0x0
1772303657090 drag down active=false lwin_down=false x=38 y=251 candidate=0x0
1772303657190 mouse up
1772303657190 drag up
1772303658382 mouse down lwin_down=false x=255 y=336 target=0x0
1772303658382 drag down active=false lwin_down=false x=255 y=336 candidate=0x0
1772303658488 mouse up
1772303658488 drag up
1772303664847 mouse down lwin_down=false x=44 y=588 target=0x0
1772303664847 drag down active=false lwin_down=false x=44 y=588 candidate=0x0
1772303664926 mouse up
1772303664926 drag up
1772303668485 mouse down lwin_down=false x=1180 y=1330 target=0x0
1772303668485 drag down active=false lwin_down=false x=1180 y=1330 candidate=0x0
1772303668571 mouse up
1772303668571 drag up
1772303670056 keyboard lwin keydown intercepted
1772303670249 keyboard q keydown with win
1772303674433 session start pid=16292 label=keys::init log=\\wsl.localhost\Arch\home\jpambrun\work\binkybox\binkybox.log
1772303674434 action worker started
1772303674434 keyboard_hook bind ok
1772303674434 mouse move worker started
1772303674434 mouse_hook bind ok
1772303675597 mouse down lwin_down=false x=141 y=1468 target=0x0
1772303675597 drag down active=false lwin_down=false x=141 y=1468 candidate=0x0
1772303675682 mouse up
1772303675682 drag up
1772303676531 keyboard lwin keydown intercepted
1772303676739 mouse down lwin_down=true x=824 y=865 target=0x402be
1772303676739 drag down active=true lwin_down=true x=824 y=865 candidate=0x402be
1772303676902 drag trigger x=827 y=860 hwnd=0x402be
1772303676909 begin move hwnd=0x402be origin=(38, 229)
1772303678250 mouse up
1772303678250 drag up
1772303678294 drag cancel
1772303678294 drag consume_lwin_keyup=true
1772303678294 keyboard lwin keyup intercepted=true dragged=true combo_used=false
1772303678707 mouse down lwin_down=false x=1210 y=833 target=0x0
1772303678707 drag down active=false lwin_down=false x=1210 y=833 candidate=0x0
1772303678828 mouse up
1772303678828 drag up
1772303679292 keyboard lwin keydown intercepted
1772303679391 mouse down lwin_down=true x=875 y=858 target=0x402be
1772303679391 drag down active=true lwin_down=true x=875 y=858 candidate=0x402be
1772303679527 drag trigger x=879 y=853 hwnd=0x402be
1772303679530 begin move hwnd=0x402be origin=(313, 193)
1772303681039 mouse up
1772303681039 drag up
1772303681126 drag cancel
1772303681126 drag consume_lwin_keyup=true
1772303681126 keyboard lwin keyup intercepted=true dragged=true combo_used=false
1772303681596 mouse down lwin_down=false x=1131 y=956 target=0x0
1772303681596 drag down active=false lwin_down=false x=1131 y=956 candidate=0x0
1772303681695 mouse up
1772303681695 drag up
1772303682645 keyboard lwin keydown intercepted
1772303682802 mouse down lwin_down=true x=796 y=1074 target=0x402be
1772303682802 drag down active=true lwin_down=true x=796 y=1074 candidate=0x402be
1772303682881 drag trigger x=800 y=1063 hwnd=0x402be
1772303682887 begin move hwnd=0x402be origin=(143, 284)
1772303683657 mouse up
1772303683658 drag up
1772303683697 drag cancel
1772303683697 drag consume_lwin_keyup=true
1772303683697 keyboard lwin keyup intercepted=true dragged=true combo_used=false
1772303686050 mouse down lwin_down=false x=1166 y=1280 target=0x0
1772303686050 drag down active=false lwin_down=false x=1166 y=1280 candidate=0x0
1772303686134 mouse up
1772303686134 drag up
1772303687134 mouse down lwin_down=false x=33 y=250 target=0x0
1772303687134 drag down active=false lwin_down=false x=33 y=250 candidate=0x0
1772303687227 mouse up
1772303687227 drag up
1772303689046 mouse down lwin_down=false x=908 y=265 target=0x0
1772303689046 drag down active=false lwin_down=false x=908 y=265 candidate=0x0
1772303689138 mouse up
1772303689138 drag up
